id,path,name,position,language,loc,words,tests/data/keywords/fp_types.json,tests/data/keywords/fp_transcendental.json,tests/data/keywords/fp_others.json,loop_statements,loop_nestings,if_statements,if_nestings,functions_calls,function_calls_nestings,params,param_kw_match,return_kw_match,parse_error
0,tests/data/phases/parse/weird.go.functions/1-1,GetDoubleWithDefault,1:1,go,7,33,3,0,0,0,0,0,0,8,2,3,1,1,none
0,tests/data/phases/parse/weird.go.functions/9-1,polarToCartesian,9:1,go,5,19,2,2,0,0,0,0,0,2,1,2,2,1,none
1,tests/data/phases/parse/several_functions.go.functions/18-1,sumFloats,18:1,go,7,17,2,0,0,1,1,0,0,0,0,1,1,1,none
1,tests/data/phases/parse/several_functions.go.functions/27-1,polarToCartesian,27:1,go,5,19,2,2,0,0,0,0,0,2,1,2,2,1,none
1,tests/data/phases/parse/several_functions.go.functions/34-1,complexMagnitude,34:1,go,3,9,1,0,0,0,0,0,0,1,1,1,0,1,none
1,tests/data/phases/parse/several_functions.go.functions/39-1,deferredDivision,39:1,go,9,19,2,0,1,0,0,1,1,2,2,2,2,1,none
1,tests/data/phases/parse/several_functions.go.functions/50-1,approximateSqrt,50:1,go,6,22,2,0,0,0,0,1,1,2,1,1,1,1,none
1,tests/data/phases/parse/several_functions.go.functions/66-1,trigonometricMap,66:1,go,7,30,2,3,0,0,0,0,0,3,1,0,0,1,none
1,tests/data/phases/parse/several_functions.go.functions/75-1,generateSineWave,75:1,go,6,29,4,1,0,1,1,0,0,4,2,3,2,0,none
1,tests/data/phases/parse/several_functions.go.functions/83-1,classifyFloat,83:1,go,16,39,1,0,3,0,0,1,1,3,1,1,1,0,none
1,tests/data/phases/parse/several_functions.go.functions/101-1,findFirstAboveThreshold,101:1,go,8,22,3,0,0,1,1,1,1,0,0,4,3,1,none
1,tests/data/phases/parse/several_functions.go.functions/111-1,selectFromChannels,111:1,go,20,47,2,0,0,0,0,0,0,8,2,0,0,0,none
1,tests/data/phases/parse/several_functions.go.functions/133-1,safeDivision,133:1,go,12,33,2,0,1,0,0,2,1,5,2,2,2,1,none
1,tests/data/phases/parse/several_functions.go.functions/146-1,main,146:1,go,56,168,2,0,1,2,1,1,1,29,3,0,0,0,none
